// Jest Snapshot v1, https://goo.gl/fbAQLP

exports[`icon用例 是div 1`] = `
<svg
  className="sui-icon"
>
  <use
    xlinkHref="#alipay"
  />
</svg>
`;
