// Jest Snapshot v1, https://goo.gl/fbAQLP

exports[`button用例 是div 1`] = `
<div>
  button
</div>
`;
